bsp_driver_sd.c:69:16:BSP_SD_ITConfig	0	static
bsp_driver_sd.c:78:13:BSP_SD_DetectIT	0	static
bsp_driver_sd.c:95:16:BSP_SD_ReadBlocks	16	static
bsp_driver_sd.c:118:16:BSP_SD_WriteBlocks	16	static
bsp_driver_sd.c:140:16:BSP_SD_ReadBlocks_DMA	8	static
bsp_driver_sd.c:163:16:BSP_SD_WriteBlocks_DMA	8	static
bsp_driver_sd.c:185:16:BSP_SD_Erase	8	static
bsp_driver_sd.c:205:16:BSP_SD_GetCardState	8	static
bsp_driver_sd.c:215:13:BSP_SD_GetCardInfo	0	static
bsp_driver_sd.c:260:13:BSP_SD_AbortCallback	0	static
bsp_driver_sd.c:229:6:HAL_SD_AbortCallback	8	static
bsp_driver_sd.c:270:13:BSP_SD_WriteCpltCallback	0	static
bsp_driver_sd.c:239:6:HAL_SD_TxCpltCallback	8	static
bsp_driver_sd.c:280:13:BSP_SD_ReadCpltCallback	0	static
bsp_driver_sd.c:249:6:HAL_SD_RxCpltCallback	8	static
bsp_driver_sd.c:292:16:BSP_SD_IsDetected	8	static
bsp_driver_sd.c:47:16:BSP_SD_Init	8	static
