File_Handling.cpp:31:6:void Send_Uart(char*)	8	static
File_Handling.cpp:38:6:void Mount_SD(const TCHAR*)	8	static
File_Handling.cpp:45:6:void Unmount_SD(const TCHAR*)	8	static
File_Handling.cpp:53:9:FRESULT Scan_SD(char*)	80	static
File_Handling.cpp:95:9:FRESULT Format_SD()	72	static
File_Handling.cpp:128:9:FRESULT Write_File(char*, char*)	24	static
File_Handling.cpp:187:9:FRESULT Read_File(char*)	24	static
File_Handling.cpp:254:9:FRESULT Create_File(char*)	24	static
File_Handling.cpp:303:9:FRESULT Update_File(char*, char*)	24	static
File_Handling.cpp:367:9:FRESULT Remove_File(char*)	24	static
File_Handling.cpp:402:9:FRESULT Create_Dir(char*)	24	static
File_Handling.cpp:422:6:void Check_SD_Space()	24	static
